2026-10-01T10:34:26.417Z Modbus site: 24 devices
2026-10-01T10:34:27.567Z running until 2026-10-02T10:34:26.012Z
2026-10-01T10:36:27.683Z fault on: TCP device off
2026-10-01T10:41:27.998Z fault off: TCP device off
2026-10-01T10:43:28.112Z fault on: TCP device reboots
2026-10-01T10:45:28.230Z fault off: TCP device reboots
2026-10-01T10:46:28.284Z fault on: 20% lost replies behind the gateway
2026-10-01T10:56:28.876Z fault off: 20% lost replies behind the gateway
2026-10-01T10:58:28.987Z fault on: 5% network loss
2026-10-01T11:08:29.601Z fault off: 5% network loss
2026-10-01T11:10:29.725Z fault on: RS-485 noise 5 bytes/s
2026-10-01T11:20:30.299Z fault off: RS-485 noise 5 bytes/s
2026-10-01T11:21:30.349Z fault on: gateway off
2026-10-01T11:24:30.548Z fault off: gateway off
2026-10-01T11:27:30.724Z fault on: 10% garbage replies
2026-10-01T11:32:30.979Z fault off: 10% garbage replies
2026-10-01T11:34:31.304Z hour 1: 0 gaps, box 104 MB, driver 24 MB
2026-10-01T11:36:31.423Z fault on: TCP device off
2026-10-01T11:41:31.753Z fault off: TCP device off
2026-10-01T11:43:31.851Z fault on: TCP device reboots
2026-10-01T11:45:31.955Z fault off: TCP device reboots
2026-10-01T11:46:31.992Z fault on: 20% lost replies behind the gateway
2026-10-01T11:54:32.381Z fault on: server errors
2026-10-01T11:56:32.496Z fault off: 20% lost replies behind the gateway
2026-10-01T11:58:32.613Z fault on: 5% network loss
2026-10-01T12:04:32.976Z fault off: server errors
2026-10-01T12:08:33.213Z fault off: 5% network loss
2026-10-01T12:10:33.301Z fault on: RS-485 noise 5 bytes/s
2026-10-01T12:20:33.835Z fault off: RS-485 noise 5 bytes/s
2026-10-01T12:21:33.885Z fault on: gateway off
2026-10-01T12:24:34.092Z fault off: gateway off
2026-10-01T12:27:34.257Z fault on: 10% garbage replies
2026-10-01T12:32:34.537Z fault off: 10% garbage replies
2026-10-01T12:34:34.789Z hour 2: 0 gaps, box 106 MB, driver 24 MB
2026-10-01T12:36:34.909Z fault on: TCP device off
2026-10-01T12:41:35.208Z fault off: TCP device off
2026-10-01T12:43:35.327Z fault on: TCP device reboots
2026-10-01T12:45:35.443Z fault off: TCP device reboots
2026-10-01T12:46:35.497Z fault on: 20% lost replies behind the gateway
2026-10-01T12:56:36.047Z fault off: 20% lost replies behind the gateway
2026-10-01T12:58:26.145Z fault on: 5% network loss
2026-10-01T13:08:26.730Z fault off: 5% network loss
2026-10-01T13:10:26.851Z fault on: RS-485 noise 5 bytes/s
2026-10-01T13:14:27.072Z fault on: server hangs
2026-10-01T13:17:27.235Z fault off: server hangs
2026-10-01T13:20:27.414Z fault off: RS-485 noise 5 bytes/s
2026-10-01T13:21:27.467Z fault on: gateway off
2026-10-01T13:24:27.642Z fault off: gateway off
2026-10-01T13:27:27.813Z fault on: 10% garbage replies
2026-10-01T13:32:28.083Z fault off: 10% garbage replies
2026-10-01T13:34:28.341Z hour 3: 0 gaps, box 107 MB, driver 25 MB
2026-10-01T13:36:28.447Z fault on: TCP device off
2026-10-01T13:41:28.771Z fault off: TCP device off
2026-10-01T13:43:28.872Z fault on: TCP device reboots
2026-10-01T13:45:28.974Z fault off: TCP device reboots
2026-10-01T13:46:29.021Z fault on: 20% lost replies behind the gateway
2026-10-01T13:54:29.483Z fault on: server errors
2026-10-01T13:56:29.608Z fault off: 20% lost replies behind the gateway
2026-10-01T13:58:29.704Z fault on: 5% network loss
2026-10-01T14:04:30.050Z fault off: server errors
2026-10-01T14:04:30.050Z fault on: driver killed
2026-10-01T14:07:30.243Z fault off: driver killed
2026-10-01T14:08:30.319Z fault off: 5% network loss
2026-10-01T14:10:30.447Z fault on: RS-485 noise 5 bytes/s
2026-10-01T14:20:31.022Z fault off: RS-485 noise 5 bytes/s
2026-10-01T14:21:31.062Z fault on: gateway off
2026-10-01T14:24:31.254Z fault off: gateway off
2026-10-01T14:27:31.421Z fault on: 10% garbage replies
2026-10-01T14:32:31.722Z fault off: 10% garbage replies
2026-10-01T14:34:31.994Z hour 4: 0 gaps, box 108 MB, driver 24 MB
2026-10-01T14:36:32.099Z fault on: TCP device off
2026-10-01T14:41:32.428Z fault off: TCP device off
2026-10-01T14:43:32.546Z fault on: TCP device reboots
2026-10-01T14:45:32.665Z fault off: TCP device reboots
2026-10-01T14:46:32.712Z fault on: 20% lost replies behind the gateway
2026-10-01T14:56:33.270Z fault off: 20% lost replies behind the gateway
2026-10-01T14:58:33.376Z fault on: 5% network loss
2026-10-01T15:08:33.945Z fault off: 5% network loss
2026-10-01T15:10:34.073Z fault on: RS-485 noise 5 bytes/s
2026-10-01T15:20:34.658Z fault off: RS-485 noise 5 bytes/s
2026-10-01T15:21:34.706Z fault on: gateway off
2026-10-01T15:24:34.916Z fault off: gateway off
2026-10-01T15:27:35.053Z fault on: 10% garbage replies
2026-10-01T15:32:35.320Z fault off: 10% garbage replies
2026-10-01T15:34:35.594Z hour 5: 0 gaps, box 109 MB, driver 24 MB
2026-10-01T15:36:35.712Z fault on: TCP device off
2026-10-01T15:41:36.031Z fault off: TCP device off
2026-10-01T15:43:26.124Z fault on: TCP device reboots
2026-10-01T15:45:26.230Z fault off: TCP device reboots
2026-10-01T15:46:26.279Z fault on: 20% lost replies behind the gateway
2026-10-01T15:54:26.718Z fault on: server errors
2026-10-01T15:56:26.848Z fault off: 20% lost replies behind the gateway
2026-10-01T15:58:26.951Z fault on: 5% network loss
2026-10-01T16:04:27.307Z fault off: server errors
2026-10-01T16:08:27.552Z fault off: 5% network loss
2026-10-01T16:09:27.616Z segment finished; the next run continues from here
2026-10-01T16:11:54.759Z resuming after 2 min away
2026-10-01T16:11:55.181Z Modbus site: 24 devices
2026-10-01T16:11:56.534Z running until 2026-10-02T10:34:26.012Z
2026-10-01T16:14:26.672Z fault on: server hangs
2026-10-01T16:17:26.857Z fault off: server hangs
2026-10-01T16:19:26.972Z fault on: box killed
2026-10-01T16:21:28.172Z fault on: gateway off
2026-10-01T16:21:58.193Z fault off: box killed
2026-10-01T16:24:28.367Z fault off: gateway off
2026-10-01T16:27:28.541Z fault on: 10% garbage replies
2026-10-01T16:32:28.827Z fault off: 10% garbage replies
2026-10-01T16:34:29.108Z hour 6: 0 gaps, box 103 MB, driver 24 MB
2026-10-01T16:36:29.205Z fault on: TCP device off
2026-10-01T16:41:29.486Z fault off: TCP device off
2026-10-01T16:43:29.583Z fault on: TCP device reboots
2026-10-01T16:45:29.695Z fault off: TCP device reboots
2026-10-01T16:46:29.751Z fault on: 20% lost replies behind the gateway
2026-10-01T16:56:30.319Z fault off: 20% lost replies behind the gateway
2026-10-01T16:58:30.423Z fault on: 5% network loss
2026-10-01T17:08:31.034Z fault off: 5% network loss
2026-10-01T17:10:31.161Z fault on: RS-485 noise 5 bytes/s
2026-10-01T17:20:31.721Z fault off: RS-485 noise 5 bytes/s
2026-10-01T17:21:31.767Z fault on: gateway off
2026-10-01T17:24:31.972Z fault off: gateway off
2026-10-01T17:27:32.154Z fault on: 10% garbage replies
2026-10-01T17:32:32.457Z fault off: 10% garbage replies
2026-10-01T17:34:32.709Z hour 7: 0 gaps, box 105 MB, driver 25 MB
2026-10-01T17:36:32.822Z fault on: TCP device off
2026-10-01T17:41:33.149Z fault off: TCP device off
2026-10-01T17:43:33.264Z fault on: TCP device reboots
2026-10-01T17:45:33.374Z fault off: TCP device reboots
