2026-10-02T10:52:51.219Z Haystack site: 4 servers
2026-10-02T10:52:52.377Z running until 2026-10-03T10:52:51.031Z
2026-10-02T10:54:52.552Z fault on: server off
2026-10-02T10:59:52.873Z fault off: server off
2026-10-02T11:04:53.153Z fault on: 15% HTTP 500
2026-10-02T11:14:53.738Z fault off: 15% HTTP 500
2026-10-02T11:16:53.851Z fault on: 5% network loss
2026-10-02T11:26:54.464Z fault off: 5% network loss
2026-10-02T11:28:54.582Z fault on: login tokens expire
2026-10-02T11:29:54.630Z fault off: login tokens expire
2026-10-02T11:32:54.841Z fault on: server hangs
2026-10-02T11:33:54.895Z fault off: server hangs
2026-10-02T11:45:55.584Z fault on: 10% broken replies
2026-10-02T11:50:55.881Z fault off: 10% broken replies
2026-10-02T11:52:56.061Z hour 1: 0 gaps, box 96 MB, driver 25 MB
2026-10-02T11:54:56.174Z fault on: server off
2026-10-02T11:59:56.558Z fault off: server off
2026-10-02T12:04:56.843Z fault on: 15% HTTP 500
2026-10-02T12:12:57.304Z fault on: server errors
2026-10-02T12:14:57.449Z fault off: 15% HTTP 500
2026-10-02T12:16:57.567Z fault on: 5% network loss
2026-10-02T12:22:57.918Z fault off: server errors
2026-10-02T12:26:58.127Z fault off: 5% network loss
2026-10-02T12:28:58.249Z fault on: login tokens expire
2026-10-02T12:29:58.290Z fault off: login tokens expire
2026-10-02T12:32:58.456Z fault on: server hangs
2026-10-02T12:33:58.511Z fault off: server hangs
2026-10-02T12:45:59.245Z fault on: 10% broken replies
2026-10-02T12:50:59.529Z fault off: 10% broken replies
2026-10-02T12:52:59.686Z hour 2: 0 gaps, box 99 MB, driver 25 MB
2026-10-02T12:54:59.808Z fault on: server off
2026-10-02T13:00:00.138Z fault off: server off
2026-10-02T13:05:00.416Z fault on: 15% HTTP 500
2026-10-02T13:15:01.001Z fault off: 15% HTTP 500
2026-10-02T13:16:51.108Z fault on: 5% network loss
2026-10-02T13:26:51.776Z fault off: 5% network loss
2026-10-02T13:28:51.881Z fault on: login tokens expire
2026-10-02T13:29:51.937Z fault off: login tokens expire
2026-10-02T13:32:52.173Z fault on: server hangs
2026-10-02T13:32:52.174Z fault on: server hangs
2026-10-02T13:33:52.221Z fault off: server hangs
2026-10-02T13:35:52.338Z fault off: server hangs
2026-10-02T13:45:52.926Z fault on: 10% broken replies
2026-10-02T13:50:53.189Z fault off: 10% broken replies
2026-10-02T13:52:53.348Z hour 3: 0 gaps, box 99 MB, driver 25 MB
2026-10-02T13:54:53.470Z fault on: server off
2026-10-02T13:59:53.806Z fault off: server off
2026-10-02T14:04:54.081Z fault on: 15% HTTP 500
2026-10-02T14:12:54.537Z fault on: server errors
2026-10-02T14:14:54.662Z fault off: 15% HTTP 500
2026-10-02T14:16:54.765Z fault on: 5% network loss
2026-10-02T14:22:55.141Z fault off: server errors
2026-10-02T14:22:55.141Z fault on: driver killed
2026-10-02T14:25:55.310Z fault off: driver killed
2026-10-02T14:26:55.379Z fault off: 5% network loss
2026-10-02T14:28:55.498Z fault on: login tokens expire
2026-10-02T14:29:55.551Z fault off: login tokens expire
2026-10-02T14:32:55.716Z fault on: server hangs
2026-10-02T14:33:55.772Z fault off: server hangs
2026-10-02T14:45:56.612Z fault on: 10% broken replies
2026-10-02T14:50:56.879Z fault off: 10% broken replies
2026-10-02T14:52:57.031Z hour 4: 0 gaps, box 101 MB, driver 25 MB
2026-10-02T14:54:57.145Z fault on: server off
2026-10-02T14:59:57.525Z fault off: server off
2026-10-02T15:04:57.819Z fault on: 15% HTTP 500
2026-10-02T15:14:58.388Z fault off: 15% HTTP 500
2026-10-02T15:16:58.497Z fault on: 5% network loss
2026-10-02T15:26:59.146Z fault off: 5% network loss
2026-10-02T15:28:59.262Z fault on: login tokens expire
2026-10-02T15:29:59.312Z fault off: login tokens expire
2026-10-02T15:32:59.486Z fault on: server hangs
2026-10-02T15:33:59.535Z fault off: server hangs
2026-10-02T15:46:00.233Z fault on: 10% broken replies
2026-10-02T15:51:00.527Z fault off: 10% broken replies
2026-10-02T15:53:00.670Z hour 5: 0 gaps, box 101 MB, driver 25 MB
2026-10-02T15:55:00.793Z fault on: server off
2026-10-02T16:00:01.100Z fault off: server off
2026-10-02T16:04:51.369Z fault on: 15% HTTP 500
2026-10-02T16:12:51.854Z fault on: server errors
2026-10-02T16:14:51.976Z fault off: 15% HTTP 500
2026-10-02T16:16:52.074Z fault on: 5% network loss
2026-10-02T16:22:52.442Z fault off: server errors
2026-10-02T16:26:52.701Z fault off: 5% network loss
2026-10-02T16:27:52.764Z segment finished; the next run continues from here
