2026-10-02T10:52:50.096Z obix_sim.py: 3 servers
2026-10-02T10:52:51.240Z running until 2026-10-03T10:52:49.853Z
2026-10-02T10:54:51.358Z fault on: station off
2026-10-02T10:59:51.677Z fault off: station off
2026-10-02T11:04:51.956Z fault on: 15% HTTP 500
2026-10-02T11:14:52.522Z fault off: 15% HTTP 500
2026-10-02T11:16:52.628Z fault on: 5% network loss
2026-10-02T11:26:53.224Z fault off: 5% network loss
2026-10-02T11:32:53.572Z fault on: station hangs
2026-10-02T11:33:53.628Z fault off: station hangs
2026-10-02T11:45:54.350Z fault on: 10% broken replies
2026-10-02T11:50:54.661Z fault off: 10% broken replies
2026-10-02T11:52:54.831Z hour 1: 0 gaps, box 90 MB, driver 24 MB
2026-10-02T11:54:54.957Z fault on: station off
2026-10-02T11:59:55.293Z fault off: station off
2026-10-02T12:04:55.590Z fault on: 15% HTTP 500
2026-10-02T12:12:56.067Z fault on: server errors
2026-10-02T12:14:56.178Z fault off: 15% HTTP 500
2026-10-02T12:16:56.286Z fault on: 5% network loss
2026-10-02T12:22:56.663Z fault off: server errors
2026-10-02T12:26:56.916Z fault off: 5% network loss
2026-10-02T12:32:57.289Z fault on: station hangs
2026-10-02T12:33:57.338Z fault off: station hangs
2026-10-02T12:45:58.058Z fault on: 10% broken replies
2026-10-02T12:50:58.340Z fault off: 10% broken replies
2026-10-02T12:52:58.494Z hour 2: 0 gaps, box 96 MB, driver 25 MB
2026-10-02T12:54:58.619Z fault on: station off
2026-10-02T12:59:58.936Z fault off: station off
2026-10-02T13:04:59.225Z fault on: 15% HTTP 500
2026-10-02T13:14:59.823Z fault off: 15% HTTP 500
2026-10-02T13:16:49.921Z fault on: 5% network loss
2026-10-02T13:26:50.542Z fault off: 5% network loss
2026-10-02T13:32:50.921Z fault on: station hangs
2026-10-02T13:32:50.922Z fault on: server hangs
2026-10-02T13:33:50.979Z fault off: station hangs
2026-10-02T13:35:51.089Z fault off: server hangs
2026-10-02T13:45:51.673Z fault on: 10% broken replies
2026-10-02T13:50:51.967Z fault off: 10% broken replies
2026-10-02T13:52:52.113Z hour 3: 0 gaps, box 98 MB, driver 25 MB
2026-10-02T13:54:52.231Z fault on: station off
2026-10-02T13:59:52.556Z fault off: station off
2026-10-02T14:04:52.865Z fault on: 15% HTTP 500
2026-10-02T14:12:53.347Z fault on: server errors
2026-10-02T14:14:53.466Z fault off: 15% HTTP 500
2026-10-02T14:16:53.572Z fault on: 5% network loss
2026-10-02T14:22:53.941Z fault off: server errors
2026-10-02T14:22:53.941Z fault on: driver killed
2026-10-02T14:25:54.126Z fault off: driver killed
2026-10-02T14:26:54.211Z fault off: 5% network loss
2026-10-02T14:32:54.559Z fault on: station hangs
2026-10-02T14:33:54.605Z fault off: station hangs
2026-10-02T14:45:55.334Z fault on: 10% broken replies
2026-10-02T14:50:55.610Z fault off: 10% broken replies
2026-10-02T14:52:55.764Z hour 4: 0 gaps, box 99 MB, driver 24 MB
2026-10-02T14:54:55.877Z fault on: station off
2026-10-02T14:59:56.211Z fault off: station off
2026-10-02T15:04:56.499Z fault on: 15% HTTP 500
2026-10-02T15:14:57.114Z fault off: 15% HTTP 500
2026-10-02T15:16:57.210Z fault on: 5% network loss
2026-10-02T15:26:57.795Z fault off: 5% network loss
2026-10-02T15:32:58.143Z fault on: station hangs
2026-10-02T15:33:58.188Z fault off: station hangs
2026-10-02T15:45:58.886Z fault on: 10% broken replies
2026-10-02T15:50:59.191Z fault off: 10% broken replies
2026-10-02T15:52:59.345Z hour 5: 0 gaps, box 100 MB, driver 24 MB
2026-10-02T15:54:59.465Z fault on: station off
2026-10-02T15:59:59.804Z fault off: station off
2026-10-02T16:04:50.086Z fault on: 15% HTTP 500
2026-10-02T16:12:50.537Z fault on: server errors
2026-10-02T16:14:50.655Z fault off: 15% HTTP 500
2026-10-02T16:16:50.768Z fault on: 5% network loss
2026-10-02T16:22:51.141Z fault off: server errors
2026-10-02T16:26:51.385Z fault off: 5% network loss
2026-10-02T16:27:51.438Z segment finished; the next run continues from here
