2026-10-02T17:53:15.435Z MS/TP trunk: 20 devices, box port /dev/pts/0
2026-10-02T17:53:29.573Z running until 2026-10-03T17:53:15.345Z
2026-10-02T17:55:19.684Z fault on: MS/TP device 4 off
2026-10-02T18:00:19.990Z fault off: MS/TP device 4 off
2026-10-02T18:05:20.292Z fault on: trunk noise 5 bytes/s
2026-10-02T18:15:20.912Z fault off: trunk noise 5 bytes/s
2026-10-02T18:17:21.026Z fault on: trunk loses 0.02% of bytes
2026-10-02T18:27:21.644Z fault off: trunk loses 0.02% of bytes
2026-10-02T18:33:22.006Z fault on: box cable pulled
2026-10-02T18:34:22.062Z fault off: box cable pulled
2026-10-02T18:53:23.327Z hour 1: 0 gaps, box 100 MB, driver 32 MB
2026-10-02T18:55:23.445Z fault on: MS/TP device 4 off
2026-10-02T19:00:23.739Z fault off: MS/TP device 4 off
2026-10-02T19:05:24.046Z fault on: trunk noise 5 bytes/s
2026-10-02T19:13:24.531Z fault on: server errors
2026-10-02T19:15:24.652Z fault off: trunk noise 5 bytes/s
2026-10-02T19:17:24.763Z fault on: trunk loses 0.02% of bytes
2026-10-02T19:23:25.122Z fault off: server errors
2026-10-02T19:27:25.363Z fault off: trunk loses 0.02% of bytes
2026-10-02T19:33:15.714Z fault on: box cable pulled
2026-10-02T19:34:15.767Z fault off: box cable pulled
2026-10-02T19:53:16.977Z hour 2: 0 gaps, box 104 MB, driver 32 MB
2026-10-02T19:55:17.096Z fault on: MS/TP device 4 off
2026-10-02T20:00:17.390Z fault off: MS/TP device 4 off
2026-10-02T20:05:17.687Z fault on: trunk noise 5 bytes/s
2026-10-02T20:15:18.286Z fault off: trunk noise 5 bytes/s
2026-10-02T20:17:18.398Z fault on: trunk loses 0.02% of bytes
2026-10-02T20:27:19.010Z fault off: trunk loses 0.02% of bytes
2026-10-02T20:33:19.366Z fault on: box cable pulled
2026-10-02T20:33:19.371Z fault on: server hangs
2026-10-02T20:34:19.430Z fault off: box cable pulled
2026-10-02T20:36:19.547Z fault off: server hangs
2026-10-02T20:53:20.652Z hour 3: 0 gaps, box 105 MB, driver 32 MB
2026-10-02T20:55:20.769Z fault on: MS/TP device 4 off
2026-10-02T21:00:21.068Z fault off: MS/TP device 4 off
2026-10-02T21:05:21.363Z fault on: trunk noise 5 bytes/s
2026-10-02T21:13:21.848Z fault on: server errors
2026-10-02T21:15:21.972Z fault off: trunk noise 5 bytes/s
2026-10-02T21:17:22.086Z fault on: trunk loses 0.02% of bytes
2026-10-02T21:23:22.456Z fault off: server errors
2026-10-02T21:23:22.456Z fault on: driver killed
2026-10-02T21:26:22.655Z fault off: driver killed
2026-10-02T21:27:22.715Z fault off: trunk loses 0.02% of bytes
2026-10-02T21:33:23.074Z fault on: box cable pulled
2026-10-02T21:34:23.125Z fault off: box cable pulled
2026-10-02T21:53:24.340Z hour 4: 0 gaps, box 107 MB, driver 32 MB
2026-10-02T21:55:24.461Z fault on: MS/TP device 4 off
2026-10-02T22:00:24.759Z fault off: MS/TP device 4 off
2026-10-02T22:05:25.058Z fault on: trunk noise 5 bytes/s
2026-10-02T22:15:25.687Z fault off: trunk noise 5 bytes/s
2026-10-02T22:17:15.793Z fault on: trunk loses 0.02% of bytes
2026-10-02T22:27:16.402Z fault off: trunk loses 0.02% of bytes
2026-10-02T22:33:16.769Z fault on: box cable pulled
2026-10-02T22:34:16.821Z fault off: box cable pulled
2026-10-02T22:53:18.075Z hour 5: 0 gaps, box 105 MB, driver 32 MB
2026-10-02T22:55:18.197Z fault on: MS/TP device 4 off
2026-10-02T23:00:18.511Z fault off: MS/TP device 4 off
2026-10-02T23:05:18.814Z fault on: trunk noise 5 bytes/s
2026-10-02T23:13:19.340Z fault on: server errors
2026-10-02T23:15:19.466Z fault off: trunk noise 5 bytes/s
2026-10-02T23:17:19.578Z fault on: trunk loses 0.02% of bytes
2026-10-02T23:23:19.952Z fault off: server errors
2026-10-02T23:27:20.200Z fault off: trunk loses 0.02% of bytes
2026-10-02T23:28:20.254Z segment finished; the next run continues from here
