2026-10-01T17:44:47.722Z simulator: 60 devices
2026-10-01T17:44:50.854Z running until 2026-10-02T17:44:47.194Z
2026-10-01T17:46:51.027Z fault on: device 1201 off
2026-10-01T17:51:51.306Z fault off: device 1201 off
2026-10-01T17:53:51.403Z fault on: device 20005 reboot
2026-10-01T17:55:21.478Z fault off: device 20005 reboot
2026-10-01T17:56:51.572Z fault on: 20% loss to 1205
2026-10-01T18:06:52.113Z fault off: 20% loss to 1205
2026-10-01T18:08:52.219Z fault on: 5% network loss
2026-10-01T18:18:52.802Z fault off: 5% network loss
2026-10-01T18:20:52.913Z fault on: device 1206 slow
2026-10-01T18:30:53.460Z fault off: device 1206 slow
2026-10-01T18:31:53.509Z fault on: device 1100 errors
2026-10-01T18:36:53.795Z fault off: device 1100 errors
2026-10-01T18:37:53.846Z fault on: device 1202 odd values
2026-10-01T18:40:54.023Z fault off: device 1202 odd values
2026-10-01T18:41:54.070Z fault on: I-Am storm
2026-10-01T18:42:14.091Z fault off: I-Am storm
2026-10-01T18:44:54.311Z hour 1: 0 gaps, box 112 MB, driver 33 MB
2026-10-01T18:46:54.435Z fault on: device 1201 off
2026-10-01T18:51:54.701Z fault off: device 1201 off
2026-10-01T18:53:54.816Z fault on: device 20005 reboot
2026-10-01T18:55:24.901Z fault off: device 20005 reboot
2026-10-01T18:56:54.983Z fault on: 20% loss to 1205
2026-10-01T19:04:55.434Z fault on: server errors
2026-10-01T19:06:55.546Z fault off: 20% loss to 1205
2026-10-01T19:08:55.653Z fault on: 5% network loss
2026-10-01T19:14:56.012Z fault off: server errors
2026-10-01T19:18:56.252Z fault off: 5% network loss
2026-10-01T19:20:56.369Z fault on: device 1206 slow
2026-10-01T19:30:57.111Z fault off: device 1206 slow
2026-10-01T19:31:57.156Z fault on: device 1100 errors
2026-10-01T19:36:57.414Z fault off: device 1100 errors
2026-10-01T19:37:47.458Z fault on: device 1202 odd values
2026-10-01T19:40:47.619Z fault off: device 1202 odd values
2026-10-01T19:41:47.665Z fault on: I-Am storm
2026-10-01T19:42:07.686Z fault off: I-Am storm
2026-10-01T19:44:47.909Z hour 2: 0 gaps, box 106 MB, driver 33 MB
2026-10-01T19:46:48.019Z fault on: device 1201 off
2026-10-01T19:51:48.304Z fault off: device 1201 off
2026-10-01T19:53:48.422Z fault on: device 20005 reboot
2026-10-01T19:55:18.497Z fault off: device 20005 reboot
2026-10-01T19:56:48.587Z fault on: 20% loss to 1205
2026-10-01T20:06:49.172Z fault off: 20% loss to 1205
2026-10-01T20:08:49.277Z fault on: 5% network loss
2026-10-01T20:18:49.894Z fault off: 5% network loss
2026-10-01T20:20:49.989Z fault on: device 1206 slow
2026-10-01T20:24:50.189Z fault on: server hangs
2026-10-01T20:27:50.367Z fault off: server hangs
2026-10-01T20:30:50.540Z fault off: device 1206 slow
2026-10-01T20:31:50.593Z fault on: device 1100 errors
2026-10-01T20:36:50.875Z fault off: device 1100 errors
2026-10-01T20:37:50.921Z fault on: device 1202 odd values
2026-10-01T20:40:51.091Z fault off: device 1202 odd values
2026-10-01T20:41:51.145Z fault on: I-Am storm
2026-10-01T20:42:11.162Z fault off: I-Am storm
2026-10-01T20:44:51.372Z hour 3: 0 gaps, box 107 MB, driver 33 MB
2026-10-01T20:46:51.475Z fault on: device 1201 off
2026-10-01T20:51:51.781Z fault off: device 1201 off
2026-10-01T20:53:51.885Z fault on: device 20005 reboot
2026-10-01T20:55:21.962Z fault off: device 20005 reboot
2026-10-01T20:56:52.044Z fault on: 20% loss to 1205
2026-10-01T21:04:52.491Z fault on: server errors
2026-10-01T21:06:52.609Z fault off: 20% loss to 1205
2026-10-01T21:08:52.722Z fault on: 5% network loss
2026-10-01T21:14:53.088Z fault off: server errors
2026-10-01T21:14:53.088Z fault on: driver killed
2026-10-01T21:17:53.265Z fault off: driver killed
2026-10-01T21:18:53.344Z fault off: 5% network loss
2026-10-01T21:20:53.462Z fault on: device 1206 slow
2026-10-01T21:30:54.044Z fault off: device 1206 slow
2026-10-01T21:31:54.092Z fault on: device 1100 errors
2026-10-01T21:36:54.381Z fault off: device 1100 errors
2026-10-01T21:37:54.427Z fault on: device 1202 odd values
2026-10-01T21:40:54.600Z fault off: device 1202 odd values
2026-10-01T21:41:54.642Z fault on: I-Am storm
2026-10-01T21:42:14.743Z fault off: I-Am storm
2026-10-01T21:44:54.971Z hour 4: 0 gaps, box 107 MB, driver 33 MB
2026-10-01T21:46:55.078Z fault on: device 1201 off
2026-10-01T21:51:55.375Z fault off: device 1201 off
2026-10-01T21:53:55.478Z fault on: device 20005 reboot
2026-10-01T21:55:25.570Z fault off: device 20005 reboot
2026-10-01T21:56:55.667Z fault on: 20% loss to 1205
2026-10-01T22:06:56.220Z fault off: 20% loss to 1205
2026-10-01T22:08:56.327Z fault on: 5% network loss
2026-10-01T22:18:56.913Z fault off: 5% network loss
2026-10-01T22:20:57.023Z fault on: device 1206 slow
2026-10-01T22:30:57.548Z fault off: device 1206 slow
2026-10-01T22:31:47.583Z fault on: device 1100 errors
2026-10-01T22:36:47.862Z fault off: device 1100 errors
2026-10-01T22:37:47.917Z fault on: device 1202 odd values
2026-10-01T22:40:48.081Z fault off: device 1202 odd values
2026-10-01T22:41:48.135Z fault on: I-Am storm
2026-10-01T22:42:08.151Z fault off: I-Am storm
2026-10-01T22:44:48.353Z hour 5: 0 gaps, box 107 MB, driver 33 MB
2026-10-01T22:46:48.470Z fault on: device 1201 off
2026-10-01T22:51:48.764Z fault off: device 1201 off
2026-10-01T22:53:48.883Z fault on: device 20005 reboot
2026-10-01T22:55:18.950Z fault off: device 20005 reboot
2026-10-01T22:56:49.035Z fault on: 20% loss to 1205
2026-10-01T23:04:49.558Z fault on: server errors
2026-10-01T23:06:49.685Z fault off: 20% loss to 1205
2026-10-01T23:08:49.790Z fault on: 5% network loss
2026-10-01T23:14:50.154Z fault off: server errors
2026-10-01T23:18:50.396Z fault off: 5% network loss
2026-10-01T23:19:50.454Z segment finished; the next run continues from here
2026-10-01T23:21:01.784Z resuming after 1 min away
2026-10-01T23:21:02.514Z simulator: 60 devices
2026-10-01T23:21:05.795Z running until 2026-10-02T17:44:47.194Z
2026-10-01T23:21:05.795Z fault on: device 1206 slow
2026-10-01T23:24:56.002Z fault on: server hangs
2026-10-01T23:27:56.185Z fault off: server hangs
2026-10-01T23:29:56.300Z fault on: box killed
2026-10-01T23:31:09.474Z fault off: device 1206 slow
2026-10-01T23:31:49.505Z fault on: device 1100 errors
2026-10-01T23:32:29.538Z fault off: box killed
2026-10-01T23:36:49.789Z fault off: device 1100 errors
2026-10-01T23:37:49.831Z fault on: device 1202 odd values
2026-10-01T23:40:49.991Z fault off: device 1202 odd values
2026-10-01T23:41:50.044Z fault on: I-Am storm
2026-10-01T23:42:10.067Z fault off: I-Am storm
2026-10-01T23:44:50.332Z hour 6: 0 gaps, box 105 MB, driver 33 MB
2026-10-01T23:46:50.454Z fault on: device 1201 off
2026-10-01T23:51:50.715Z fault off: device 1201 off
2026-10-01T23:53:50.834Z fault on: device 20005 reboot
2026-10-01T23:55:20.921Z fault off: device 20005 reboot
2026-10-01T23:56:51.014Z fault on: 20% loss to 1205
2026-10-02T00:06:51.621Z fault off: 20% loss to 1205
2026-10-02T00:08:51.718Z fault on: 5% network loss
2026-10-02T00:18:52.323Z fault off: 5% network loss
2026-10-02T00:20:52.426Z fault on: device 1206 slow
2026-10-02T00:30:53.025Z fault off: device 1206 slow
2026-10-02T00:31:53.066Z fault on: device 1100 errors
2026-10-02T00:36:53.362Z fault off: device 1100 errors
2026-10-02T00:37:53.407Z fault on: device 1202 odd values
2026-10-02T00:40:53.580Z fault off: device 1202 odd values
2026-10-02T00:41:53.632Z fault on: I-Am storm
2026-10-02T00:42:13.654Z fault off: I-Am storm
2026-10-02T00:44:53.906Z hour 7: 0 gaps, box 106 MB, driver 33 MB
2026-10-02T00:46:54.018Z fault on: device 1201 off
2026-10-02T00:51:54.312Z fault off: device 1201 off
2026-10-02T00:53:54.422Z fault on: device 20005 reboot
2026-10-02T00:55:24.500Z fault off: device 20005 reboot
2026-10-02T00:56:54.596Z fault on: 20% loss to 1205
2026-10-02T00:59:54.770Z fault on: clock +5 min
2026-10-02T01:01:54.894Z fault off: clock +5 min
2026-10-02T01:04:55.072Z fault on: server errors
2026-10-02T01:06:55.193Z fault off: 20% loss to 1205
2026-10-02T01:08:55.307Z fault on: 5% network loss
2026-10-02T01:14:55.664Z fault off: server errors
2026-10-02T01:14:55.664Z fault on: driver killed
2026-10-02T01:17:55.853Z fault off: driver killed
2026-10-02T01:18:55.921Z fault off: 5% network loss
2026-10-02T01:20:56.050Z fault on: device 1206 slow
2026-10-02T01:30:56.635Z fault off: device 1206 slow
2026-10-02T01:31:56.685Z fault on: device 1100 errors
2026-10-02T01:36:56.973Z fault off: device 1100 errors
2026-10-02T01:37:57.020Z fault on: device 1202 odd values
2026-10-02T01:40:57.168Z fault off: device 1202 odd values
2026-10-02T01:41:47.204Z fault on: I-Am storm
2026-10-02T01:42:07.227Z fault off: I-Am storm
2026-10-02T01:44:47.469Z hour 8: 0 gaps, box 105 MB, driver 33 MB
2026-10-02T01:46:47.583Z fault on: device 1201 off
2026-10-02T01:51:47.878Z fault off: device 1201 off
2026-10-02T01:53:47.987Z fault on: device 20005 reboot
2026-10-02T01:55:18.066Z fault off: device 20005 reboot
2026-10-02T01:56:48.154Z fault on: 20% loss to 1205
2026-10-02T02:06:48.730Z fault off: 20% loss to 1205
2026-10-02T02:08:48.837Z fault on: 5% network loss
2026-10-02T02:18:49.449Z fault off: 5% network loss
2026-10-02T02:20:49.573Z fault on: device 1206 slow
2026-10-02T02:24:49.788Z fault on: server hangs
2026-10-02T02:27:49.966Z fault off: server hangs
2026-10-02T02:30:50.131Z fault off: device 1206 slow
2026-10-02T02:31:50.181Z fault on: device 1100 errors
2026-10-02T02:36:50.470Z fault off: device 1100 errors
2026-10-02T02:37:50.509Z fault on: device 1202 odd values
2026-10-02T02:40:50.666Z fault off: device 1202 odd values
2026-10-02T02:41:50.720Z fault on: I-Am storm
2026-10-02T02:42:10.742Z fault off: I-Am storm
2026-10-02T02:44:50.999Z hour 9: 0 gaps, box 106 MB, driver 33 MB
2026-10-02T02:46:51.121Z fault on: device 1201 off
2026-10-02T02:51:51.416Z fault off: device 1201 off
2026-10-02T02:53:51.524Z fault on: device 20005 reboot
2026-10-02T02:55:21.600Z fault off: device 20005 reboot
2026-10-02T02:56:51.686Z fault on: 20% loss to 1205
2026-10-02T03:04:52.105Z fault on: server errors
2026-10-02T03:06:52.227Z fault off: 20% loss to 1205
2026-10-02T03:08:52.327Z fault on: 5% network loss
2026-10-02T03:14:52.699Z fault off: server errors
2026-10-02T03:18:52.966Z fault off: 5% network loss
2026-10-02T03:20:53.092Z fault on: device 1206 slow
2026-10-02T03:30:53.662Z fault off: device 1206 slow
2026-10-02T03:31:53.700Z fault on: device 1100 errors
2026-10-02T03:36:53.994Z fault off: device 1100 errors
2026-10-02T03:37:54.048Z fault on: device 1202 odd values
2026-10-02T03:40:54.211Z fault off: device 1202 odd values
2026-10-02T03:41:54.252Z fault on: I-Am storm
2026-10-02T03:42:14.275Z fault off: I-Am storm
2026-10-02T03:44:54.525Z hour 10: 0 gaps, box 106 MB, driver 33 MB
2026-10-02T03:46:54.628Z fault on: device 1201 off
2026-10-02T03:51:54.922Z fault off: device 1201 off
2026-10-02T03:53:55.023Z fault on: device 20005 reboot
2026-10-02T03:55:25.112Z fault off: device 20005 reboot
2026-10-02T03:56:55.208Z fault on: 20% loss to 1205
2026-10-02T04:06:55.800Z fault off: 20% loss to 1205
2026-10-02T04:08:55.914Z fault on: 5% network loss
2026-10-02T04:18:56.560Z fault off: 5% network loss
2026-10-02T04:20:56.688Z fault on: device 1206 slow
2026-10-02T04:30:57.295Z fault off: device 1206 slow
2026-10-02T04:31:47.338Z fault on: device 1100 errors
2026-10-02T04:36:47.618Z fault off: device 1100 errors
2026-10-02T04:37:47.663Z fault on: device 1202 odd values
2026-10-02T04:40:47.818Z fault off: device 1202 odd values
2026-10-02T04:41:47.866Z fault on: I-Am storm
2026-10-02T04:42:07.889Z fault off: I-Am storm
2026-10-02T04:44:48.145Z hour 11: 0 gaps, box 106 MB, driver 33 MB
2026-10-02T04:46:48.246Z fault on: device 1201 off
2026-10-02T04:51:48.541Z fault off: device 1201 off
2026-10-02T04:53:48.652Z fault on: device 20005 reboot
2026-10-02T04:55:18.722Z fault off: device 20005 reboot
2026-10-02T04:56:08.777Z segment finished; the next run continues from here
2026-10-02T04:57:28.977Z resuming after 1 min away
2026-10-02T04:57:29.573Z simulator: 60 devices
2026-10-02T04:57:32.989Z running until 2026-10-02T17:44:47.194Z
2026-10-02T04:57:32.990Z fault on: 20% loss to 1205
2026-10-02T05:04:53.500Z fault on: server errors
2026-10-02T05:07:33.649Z fault off: 20% loss to 1205
2026-10-02T05:08:53.720Z fault on: 5% network loss
2026-10-02T05:14:54.073Z fault off: server errors
2026-10-02T05:14:54.073Z fault on: driver killed
2026-10-02T05:17:54.322Z fault off: driver killed
2026-10-02T05:18:54.404Z fault off: 5% network loss
2026-10-02T05:20:54.524Z fault on: device 1206 slow
2026-10-02T05:24:54.801Z fault on: server hangs
2026-10-02T05:27:54.972Z fault off: server hangs
2026-10-02T05:29:55.089Z fault on: box killed
2026-10-02T05:30:58.264Z fault off: device 1206 slow
2026-10-02T05:31:48.304Z fault on: device 1100 errors
2026-10-02T05:32:28.338Z fault off: box killed
2026-10-02T05:36:48.630Z fault off: device 1100 errors
2026-10-02T05:37:48.684Z fault on: device 1202 odd values
2026-10-02T05:40:48.852Z fault off: device 1202 odd values
2026-10-02T05:41:48.899Z fault on: I-Am storm
2026-10-02T05:42:08.921Z fault off: I-Am storm
2026-10-02T05:44:49.197Z hour 12: 0 gaps, box 101 MB, driver 33 MB
2026-10-02T05:46:49.294Z fault on: device 1201 off
2026-10-02T05:51:49.594Z fault off: device 1201 off
2026-10-02T05:53:49.700Z fault on: device 20005 reboot
2026-10-02T05:55:19.844Z fault off: device 20005 reboot
2026-10-02T05:56:49.929Z fault on: 20% loss to 1205
2026-10-02T06:06:50.585Z fault off: 20% loss to 1205
2026-10-02T06:08:50.705Z fault on: 5% network loss
2026-10-02T06:18:51.386Z fault off: 5% network loss
2026-10-02T06:20:51.550Z fault on: device 1206 slow
2026-10-02T06:30:52.186Z fault off: device 1206 slow
2026-10-02T06:31:52.240Z fault on: device 1100 errors
2026-10-02T06:36:52.492Z fault off: device 1100 errors
2026-10-02T06:37:52.547Z fault on: device 1202 odd values
2026-10-02T06:40:52.735Z fault off: device 1202 odd values
2026-10-02T06:41:52.798Z fault on: I-Am storm
2026-10-02T06:42:12.819Z fault off: I-Am storm
2026-10-02T06:44:53.058Z hour 13: 0 gaps, box 96 MB, driver 33 MB
2026-10-02T06:46:53.180Z fault on: device 1201 off
2026-10-02T06:51:53.469Z fault off: device 1201 off
2026-10-02T06:53:53.580Z fault on: device 20005 reboot
2026-10-02T06:55:23.666Z fault off: device 20005 reboot
2026-10-02T06:56:53.763Z fault on: 20% loss to 1205
2026-10-02T07:04:54.237Z fault on: server errors
2026-10-02T07:06:54.390Z fault off: 20% loss to 1205
2026-10-02T07:08:54.489Z fault on: 5% network loss
2026-10-02T07:14:54.864Z fault off: server errors
2026-10-02T07:18:55.090Z fault off: 5% network loss
2026-10-02T07:20:55.205Z fault on: device 1206 slow
2026-10-02T07:30:55.987Z fault off: device 1206 slow
2026-10-02T07:31:56.108Z fault on: device 1100 errors
2026-10-02T07:36:56.452Z fault off: device 1100 errors
2026-10-02T07:37:56.506Z fault on: device 1202 odd values
2026-10-02T07:40:56.674Z fault off: device 1202 odd values
2026-10-02T07:41:56.728Z fault on: I-Am storm
2026-10-02T07:42:16.750Z fault off: I-Am storm
2026-10-02T07:44:56.998Z hour 14: 0 gaps, box 105 MB, driver 33 MB
2026-10-02T07:46:57.123Z fault on: device 1201 off
2026-10-02T07:51:57.423Z fault off: device 1201 off
2026-10-02T07:53:47.520Z fault on: device 20005 reboot
2026-10-02T07:55:17.607Z fault off: device 20005 reboot
2026-10-02T07:56:47.700Z fault on: 20% loss to 1205
2026-10-02T08:06:48.324Z fault off: 20% loss to 1205
2026-10-02T08:08:48.420Z fault on: 5% network loss
2026-10-02T08:18:49.076Z fault off: 5% network loss
2026-10-02T08:20:49.163Z fault on: device 1206 slow
2026-10-02T08:24:49.397Z fault on: server hangs
2026-10-02T08:27:49.579Z fault off: server hangs
2026-10-02T08:30:49.758Z fault off: device 1206 slow
2026-10-02T08:31:49.808Z fault on: device 1100 errors
2026-10-02T08:36:50.107Z fault off: device 1100 errors
2026-10-02T08:37:50.203Z fault on: device 1202 odd values
2026-10-02T08:40:50.428Z fault off: device 1202 odd values
2026-10-02T08:41:50.473Z fault on: I-Am storm
2026-10-02T08:42:10.478Z fault off: I-Am storm
2026-10-02T08:44:50.753Z hour 15: 0 gaps, box 106 MB, driver 33 MB
2026-10-02T08:46:50.878Z fault on: device 1201 off
2026-10-02T08:51:51.154Z fault off: device 1201 off
2026-10-02T08:53:51.268Z fault on: device 20005 reboot
2026-10-02T08:55:21.347Z fault off: device 20005 reboot
2026-10-02T08:56:51.477Z fault on: 20% loss to 1205
2026-10-02T08:59:51.702Z fault on: clock +5 min
2026-10-02T09:01:51.856Z fault off: clock +5 min
2026-10-02T09:04:52.078Z fault on: server errors
2026-10-02T09:06:52.207Z fault off: 20% loss to 1205
2026-10-02T09:08:52.320Z fault on: 5% network loss
2026-10-02T09:14:52.814Z fault off: server errors
2026-10-02T09:14:52.814Z fault on: driver killed
2026-10-02T09:17:53.001Z fault off: driver killed
2026-10-02T09:18:53.070Z fault off: 5% network loss
2026-10-02T09:20:53.252Z fault on: device 1206 slow
2026-10-02T09:30:53.852Z fault off: device 1206 slow
2026-10-02T09:31:53.884Z fault on: device 1100 errors
2026-10-02T09:36:54.178Z fault off: device 1100 errors
2026-10-02T09:37:54.232Z fault on: device 1202 odd values
2026-10-02T09:40:54.394Z fault off: device 1202 odd values
2026-10-02T09:41:54.441Z fault on: I-Am storm
2026-10-02T09:42:14.463Z fault off: I-Am storm
2026-10-02T09:44:54.700Z hour 16: 0 gaps, box 107 MB, driver 33 MB
2026-10-02T09:46:54.816Z fault on: device 1201 off
2026-10-02T09:51:55.111Z fault off: device 1201 off
2026-10-02T09:53:55.229Z fault on: device 20005 reboot
2026-10-02T09:55:25.373Z fault off: device 20005 reboot
2026-10-02T09:56:55.455Z fault on: 20% loss to 1205
2026-10-02T10:06:56.076Z fault off: 20% loss to 1205
2026-10-02T10:08:56.195Z fault on: 5% network loss
2026-10-02T10:18:56.791Z fault off: 5% network loss
2026-10-02T10:20:56.901Z fault on: device 1206 slow
2026-10-02T10:30:57.513Z fault off: device 1206 slow
2026-10-02T10:31:47.554Z fault on: device 1100 errors
2026-10-02T10:36:47.883Z fault off: device 1100 errors
2026-10-02T10:36:57.894Z segment finished; the next run continues from here
2026-10-02T10:38:12.771Z resuming after 1 min away
2026-10-02T10:38:13.504Z simulator: 60 devices
2026-10-02T10:38:17.082Z running until 2026-10-02T17:44:47.194Z
2026-10-02T10:38:17.083Z fault on: device 1202 odd values
2026-10-02T10:41:17.261Z fault off: device 1202 odd values
2026-10-02T10:41:47.270Z fault on: I-Am storm
2026-10-02T10:42:07.284Z fault off: I-Am storm
2026-10-02T10:44:47.584Z hour 17: 0 gaps, box 94 MB, driver 33 MB
2026-10-02T10:46:47.701Z fault on: device 1201 off
2026-10-02T10:51:47.973Z fault off: device 1201 off
2026-10-02T10:53:48.092Z fault on: device 20005 reboot
2026-10-02T10:55:18.177Z fault off: device 20005 reboot
2026-10-02T10:56:48.276Z fault on: 20% loss to 1205
2026-10-02T11:04:48.746Z fault on: server errors
2026-10-02T11:06:48.872Z fault off: 20% loss to 1205
2026-10-02T11:08:48.986Z fault on: 5% network loss
2026-10-02T11:14:49.383Z fault off: server errors
2026-10-02T11:18:49.629Z fault off: 5% network loss
2026-10-02T11:20:49.742Z fault on: device 1206 slow
2026-10-02T11:24:49.975Z fault on: server hangs
2026-10-02T11:27:50.167Z fault off: server hangs
2026-10-02T11:29:50.283Z fault on: box killed
2026-10-02T11:30:53.528Z fault off: device 1206 slow
2026-10-02T11:31:53.583Z fault on: device 1100 errors
2026-10-02T11:32:23.607Z fault off: box killed
2026-10-02T11:36:53.884Z fault off: device 1100 errors
2026-10-02T11:37:53.940Z fault on: device 1202 odd values
2026-10-02T11:40:54.112Z fault off: device 1202 odd values
2026-10-02T11:41:54.157Z fault on: I-Am storm
2026-10-02T11:42:14.172Z fault off: I-Am storm
2026-10-02T11:44:54.453Z hour 18: 0 gaps, box 100 MB, driver 33 MB
2026-10-02T11:46:54.568Z fault on: device 1201 off
2026-10-02T11:51:54.842Z fault off: device 1201 off
2026-10-02T11:53:54.965Z fault on: device 20005 reboot
2026-10-02T11:55:25.037Z fault off: device 20005 reboot
2026-10-02T11:56:55.136Z fault on: 20% loss to 1205
2026-10-02T12:06:55.723Z fault off: 20% loss to 1205
2026-10-02T12:08:55.835Z fault on: 5% network loss
2026-10-02T12:18:56.483Z fault off: 5% network loss
2026-10-02T12:20:56.598Z fault on: device 1206 slow
2026-10-02T12:30:57.192Z fault off: device 1206 slow
2026-10-02T12:31:47.223Z fault on: device 1100 errors
2026-10-02T12:36:47.485Z fault off: device 1100 errors
2026-10-02T12:37:47.535Z fault on: device 1202 odd values
2026-10-02T12:40:47.704Z fault off: device 1202 odd values
2026-10-02T12:41:47.751Z fault on: I-Am storm
2026-10-02T12:42:07.774Z fault off: I-Am storm
2026-10-02T12:44:48.054Z hour 19: 0 gaps, box 106 MB, driver 33 MB
2026-10-02T12:46:48.151Z fault on: device 1201 off
2026-10-02T12:51:48.463Z fault off: device 1201 off
2026-10-02T12:53:48.571Z fault on: device 20005 reboot
2026-10-02T12:55:18.655Z fault off: device 20005 reboot
2026-10-02T12:56:48.747Z fault on: 20% loss to 1205
2026-10-02T13:04:49.197Z fault on: server errors
2026-10-02T13:06:49.310Z fault off: 20% loss to 1205
2026-10-02T13:08:49.405Z fault on: 5% network loss
2026-10-02T13:14:49.769Z fault off: server errors
2026-10-02T13:14:49.770Z fault on: driver killed
2026-10-02T13:17:49.968Z fault off: driver killed
2026-10-02T13:18:50.052Z fault off: 5% network loss
2026-10-02T13:20:50.179Z fault on: device 1206 slow
2026-10-02T13:30:50.792Z fault off: device 1206 slow
2026-10-02T13:31:50.834Z fault on: device 1100 errors
2026-10-02T13:36:51.095Z fault off: device 1100 errors
2026-10-02T13:37:51.152Z fault on: device 1202 odd values
2026-10-02T13:40:51.314Z fault off: device 1202 odd values
2026-10-02T13:41:51.369Z fault on: I-Am storm
2026-10-02T13:42:11.393Z fault off: I-Am storm
2026-10-02T13:44:51.692Z hour 20: 0 gaps, box 106 MB, driver 33 MB
2026-10-02T13:46:51.816Z fault on: device 1201 off
2026-10-02T13:51:52.123Z fault off: device 1201 off
2026-10-02T13:53:52.237Z fault on: device 20005 reboot
2026-10-02T13:55:22.320Z fault off: device 20005 reboot
2026-10-02T13:56:52.419Z fault on: 20% loss to 1205
2026-10-02T14:06:53.051Z fault off: 20% loss to 1205
2026-10-02T14:08:53.161Z fault on: 5% network loss
2026-10-02T14:18:53.768Z fault off: 5% network loss
2026-10-02T14:20:53.887Z fault on: device 1206 slow
2026-10-02T14:24:54.127Z fault on: server hangs
2026-10-02T14:27:54.322Z fault off: server hangs
2026-10-02T14:30:54.504Z fault off: device 1206 slow
2026-10-02T14:31:54.560Z fault on: device 1100 errors
2026-10-02T14:36:54.866Z fault off: device 1100 errors
2026-10-02T14:37:54.923Z fault on: device 1202 odd values
2026-10-02T14:40:55.095Z fault off: device 1202 odd values
2026-10-02T14:41:55.152Z fault on: I-Am storm
2026-10-02T14:42:15.175Z fault off: I-Am storm
2026-10-02T14:44:55.461Z hour 21: 0 gaps, box 107 MB, driver 33 MB
2026-10-02T14:46:55.579Z fault on: device 1201 off
2026-10-02T14:51:55.878Z fault off: device 1201 off
2026-10-02T14:53:55.976Z fault on: device 20005 reboot
2026-10-02T14:55:26.067Z fault off: device 20005 reboot
2026-10-02T14:56:56.167Z fault on: 20% loss to 1205
2026-10-02T15:04:56.666Z fault on: server errors
2026-10-02T15:06:56.791Z fault off: 20% loss to 1205
2026-10-02T15:08:56.905Z fault on: 5% network loss
2026-10-02T15:14:57.286Z fault off: server errors
2026-10-02T15:18:57.550Z fault off: 5% network loss
2026-10-02T15:20:47.665Z fault on: device 1206 slow
2026-10-02T15:30:48.271Z fault off: device 1206 slow
2026-10-02T15:31:48.323Z fault on: device 1100 errors
2026-10-02T15:36:48.612Z fault off: device 1100 errors
2026-10-02T15:37:48.666Z fault on: device 1202 odd values
2026-10-02T15:40:48.829Z fault off: device 1202 odd values
2026-10-02T15:41:48.883Z fault on: I-Am storm
2026-10-02T15:42:08.897Z fault off: I-Am storm
2026-10-02T15:44:49.185Z hour 22: 0 gaps, box 107 MB, driver 33 MB
2026-10-02T15:46:49.294Z fault on: device 1201 off
2026-10-02T15:51:49.569Z fault off: device 1201 off
2026-10-02T15:53:49.683Z fault on: device 20005 reboot
2026-10-02T15:55:19.774Z fault off: device 20005 reboot
2026-10-02T15:56:49.874Z fault on: 20% loss to 1205
2026-10-02T16:06:50.492Z fault off: 20% loss to 1205
2026-10-02T16:08:50.611Z fault on: 5% network loss
2026-10-02T16:18:51.265Z fault off: 5% network loss
2026-10-02T16:19:01.277Z segment finished; the next run continues from here
2026-10-02T16:20:22.022Z resuming after 1 min away
2026-10-02T16:20:22.584Z simulator: 60 devices
2026-10-02T16:20:26.363Z running until 2026-10-02T17:44:47.194Z
2026-10-02T16:20:56.384Z fault on: device 1206 slow
2026-10-02T16:30:56.961Z fault off: device 1206 slow
2026-10-02T16:31:57.011Z fault on: device 1100 errors
2026-10-02T16:36:57.351Z fault off: device 1100 errors
2026-10-02T16:37:47.389Z fault on: device 1202 odd values
2026-10-02T16:40:47.568Z fault off: device 1202 odd values
2026-10-02T16:41:47.623Z fault on: I-Am storm
2026-10-02T16:42:07.645Z fault off: I-Am storm
2026-10-02T16:44:48.007Z hour 23: 0 gaps, box 106 MB, driver 33 MB
2026-10-02T16:46:48.118Z fault on: device 1201 off
2026-10-02T16:51:48.417Z fault off: device 1201 off
2026-10-02T16:53:48.536Z fault on: device 20005 reboot
2026-10-02T16:55:18.623Z fault off: device 20005 reboot
2026-10-02T16:56:48.716Z fault on: 20% loss to 1205
2026-10-02T16:59:48.893Z fault on: clock +5 min
2026-10-02T17:01:49.019Z fault off: clock +5 min
2026-10-02T17:04:49.204Z fault on: server errors
2026-10-02T17:06:49.322Z fault off: 20% loss to 1205
2026-10-02T17:08:49.435Z fault on: 5% network loss
2026-10-02T17:14:49.798Z fault off: server errors
2026-10-02T17:14:49.798Z fault on: driver killed
2026-10-02T17:17:49.975Z fault off: driver killed
2026-10-02T17:18:50.049Z fault off: 5% network loss
2026-10-02T17:20:50.166Z fault on: device 1206 slow
2026-10-02T17:24:50.385Z fault on: server hangs
2026-10-02T17:27:50.579Z fault off: server hangs
2026-10-02T17:29:50.700Z fault on: box killed
2026-10-02T17:30:53.937Z fault off: device 1206 slow
2026-10-02T17:31:54.032Z fault on: device 1100 errors
2026-10-02T17:32:24.056Z fault off: box killed
2026-10-02T17:36:54.345Z fault off: device 1100 errors
2026-10-02T17:37:54.399Z fault on: device 1202 odd values
2026-10-02T17:40:54.572Z fault off: device 1202 odd values
2026-10-02T17:41:54.624Z fault on: I-Am storm
2026-10-02T17:42:14.646Z fault off: I-Am storm
2026-10-02T17:48:05.829Z FINISHED: PASS {"kind":"bacnet-ip","loss":{"box":732893,"server":732893,"missing":0,"extra":0,"duplicates":0,"box_dup_rows":0},"gaps":0,"gap_examples":[],"max_rate":["CUP-PLANT@10.77.0.10",6],"hours":24,"points":509,"samples":732893,"outages":[{"from":1790896790454,"to":1790896861784},{"from":1790916968776,"to":1790917048977},{"from":1790937417894,"to":1790937492771},{"from":1790957941276,"to":1790958022022}],"unexpected_box_stops":0}
